
> frontend@0.0.0 build
> tsc -b && vite build

src/pages/Admin/ManageCars.tsx(291,56): error TS6133: 'refreshCars' is declared but its value is never read.
